(1786979629.240760) can1 02040580#0054003F004F0001
(1786979630.280132) can1 06020580#35050A4E4800
(1786979625.028287) can1 00561010#84000A000C282CFF
(1786979626.492091) can1 00561008#850080000C3C2CFF
(1786979677.090514) can1 00561020#000006000C19FAFF
(1786979684.410169) can1 005A1008#F401FFFFFFFFFFFF
(1786979691.104477) can1 02420B90#01
(1786979692.619103) can1 02400B90#01
(1786979731.149753) can1 02420B90#02
(1786979732.516073) can1 02400B90#02
(1786979746.245002) can1 02420B90#04
(1786979747.800892) can1 02400B90#01
(1786979748.403653) can1 02400B90#04
(1786979767.975162) can1 02420B88#01
(1786979769.515791) can1 02400B88#01
(1786979780.551106) can1 02420B88#02
(1786979781.829888) can1 02140898#03
(1786979781.905072) can1 02400B88#02
(1786979789.017357) can1 02420B88#04
(1786979790.576950) can1 02400B88#01
(1786979791.149008) can1 02400B88#04
(1786979796.550823) can1 02140898#02
(1786979814.628766) can1 02140898#03
(1786979718.676764) can1 00501008#8700D1003809FFFF
(1786979674.686835) can1 02460B88#01
(1786979802.406602) can1 02460B88#02
