(1787069858.349057) can1 02041808#00AF
(1787069859.064454) can1 00001808#080F018076
(1787069859.598577) can1 02041808#00A5
(1787069859.849379) can1 02041808#00A0
(1787069860.061832) can1 00001808#080F018076
(1787069861.058609) can1 00001808#080F018076
(1787069861.099386) can1 02041808#0094
(1787069862.054759) can1 00001808#080F018076
(1787069862.097464) can1 02041808#00A6
(1787069862.348192) can1 02041808#00B0
(1787069862.848455) can1 02041808#00BD
(1787069863.051267) can1 00001808#080F018076
(1787069863.099752) can1 02041808#00B0
(1787069864.047436) can1 00001808#080F018076
(1787069864.097826) can1 02041808#00B9
(1787069864.598190) can1 02041808#00B3
(1787069865.044860) can1 00001808#080F018076
(1787069865.181600) can1 04001808#000000018B
(1787069865.182113) can1 04081808#040018088B01
(1787069865.194327) can1 02201808#0000010100000000
(1787069865.335377) can1 04001808#000000010B
(1787069865.349293) can1 02041808#00AA
(1787069865.849600) can1 02041808#009F
(1787069866.042823) can1 00001808#080F018076
(1787069866.100826) can1 02041808#009A
(1787069867.040516) can1 00001808#080F018076
(1787069867.100450) can1 02041808#0093
(1787069867.600678) can1 02041808#008E
(1787069868.037603) can1 00001808#080F018076
(1787069869.034151) can1 00001808#080F018076
(1787069869.099855) can1 02041808#0089
(1787069870.031931) can1 00001808#080F018076
(1787069870.099466) can1 02041808#0091
(1787069870.444318) can1 04001808#000000018B
(1787069870.452603) can1 02201808#0000000000000000
(1787069870.599265) can1 02041808#009B
(1787069870.614060) can1 04001808#000000010B
(1787069870.850582) can1 02041808#00A9
(1787069871.028589) can1 00001808#080F018076
(1787069871.351481) can1 02041808#00B5
(1787069872.024682) can1 00001808#080F018076
(1787069872.101855) can1 02041808#00BC
(1787069872.352626) can1 02041808#00B5
(1787069872.603501) can1 02041808#00BA
(1787069872.854212) can1 02041808#00AD
(1787069873.022451) can1 00001808#080F018076
(1787069873.719755) can1 04001808#000000018A
(1787069873.720260) can1 04081808#040018088A01
(1787069873.728635) can1 021E1808#0000000000000101
(1787069873.852410) can1 04001808#000000010A
(1787069873.854760) can1 02041808#00B5
(1787069874.019269) can1 00001808#080F018076
(1787069874.106081) can1 02041808#00AF
(1787069874.356866) can1 02041808#00A9
(1787069874.607559) can1 02041808#009D
(1787069874.858267) can1 02041808#0097
(1787069875.016908) can1 00001808#080F018076
(1787069875.358958) can1 02041808#0090
(1787069876.014727) can1 00001808#080F018076
(1787069876.109222) can1 02041808#0099
(1787069876.609499) can1 02041808#00A0
(1787069876.860277) can1 02041808#00A6
(1787069877.011230) can1 00001808#080F018076
(1787069878.007842) can1 00001808#080F018076
(1787069878.079308) can1 04001808#000000018A
(1787069878.091458) can1 021E1808#0000000000000000
(1787069878.109863) can1 02041808#00AC
(1787069878.254688) can1 04001808#000000010A
(1787069878.859801) can1 02041808#00B3
(1787069879.005110) can1 00001808#080F018076
(1787069879.859829) can1 02041808#00A7
(1787069880.001293) can1 00001808#080F018076
(1787069880.360772) can1 02041808#00A0
(1787069880.997508) can1 00001808#080F018076
(1787069881.026829) can1 04001808#0000000189
(1787069881.027366) can1 04081808#040018088901
(1787069881.029952) can1 021C1808#0000000000000101
(1787069881.111487) can1 02041808#009B
(1787069881.189389) can1 04001808#0000000109
(1787069881.612108) can1 02041808#0092
(1787069881.995293) can1 00001808#080F018076
(1787069882.362281) can1 02041808#008B
(1787069882.993116) can1 00001808#080F018076
(1787069883.611572) can1 02041808#0094
(1787069883.624438) can1 04001808#000000018D
(1787069883.624974) can1 04081808#040018088D01
(1787069883.637101) can1 021E1808#0000010100000000
(1787069883.730185) can1 02141808#04
(1787069883.778466) can1 04001808#000000010D
(1787069883.990089) can1 00001808#080F018076
(1787069884.986974) can1 00001808#080F018076
(1787069885.983919) can1 00001808#080F018076
(1787069886.355018) can1 04001808#0000000189
(1787069886.357476) can1 04001808#000000018D
(1787069886.357906) can1 02041808#008E
(1787069886.365230) can1 021C1808#0000000000000000
(1787069886.466152) can1 021E1808#0000000000000000
(1787069886.513252) can1 04001808#0000000109
(1787069886.515662) can1 04001808#000000010D
(1787069886.592730) can1 02141808#00
(1787069886.857819) can1 02041808#0094
(1787069886.981934) can1 00001808#080F018076
(1787069887.109098) can1 02041808#009A
(1787069887.858946) can1 02041808#00A3
(1787069887.979224) can1 00001808#080F018076
(1787069888.359728) can1 02041808#00A8
(1787069888.938885) can1 04001808#0000000188
(1787069888.939415) can1 04081808#040018088801
(1787069888.942006) can1 021A1808#0000000000000101
(1787069888.977672) can1 00001808#080F018076
(1787069889.085335) can1 04001808#0000000108
(1787069889.974503) can1 00001808#080F018076
(1787069890.356899) can1 02041808#00A3
(1787069890.857128) can1 02041808#009A
(1787069890.971684) can1 00001808#080F018076
(1787069891.093169) can1 04001808#000000018C
(1787069891.093684) can1 04081808#040018088C01
(1787069891.098209) can1 021C1808#0000010100000000
(1787069891.107135) can1 02041808#0094
(1787069891.129396) can1 02141808#02
(1787069891.234974) can1 04001808#000000010C
(1787069891.607916) can1 02041808#008D
(1787069891.968197) can1 00001808#080F018076
(1787069892.857606) can1 02041808#0088
(1787069892.966362) can1 00001808#080F018076
(1787069893.963337) can1 00001808#080F018076
(1787069894.215430) can1 04001808#0000000188
(1787069894.217925) can1 04001808#000000018C
(1787069894.218598) can1 021A1808#0000000000000000
(1787069894.321396) can1 021C1808#0000000000000000
(1787069894.355162) can1 04001808#0000000108
(1787069894.357582) can1 04001808#000000010C
(1787069894.358006) can1 02041808#0096
(1787069894.597085) can1 02141808#00
(1787069894.608880) can1 02041808#00A1
(1787069894.959421) can1 00001808#080F018076
(1787069895.109620) can1 02041808#00AD
(1787069895.360470) can1 02041808#00A2
(1787069895.860808) can1 02041808#00A8
(1787069895.956121) can1 00001808#080F018076
(1787069896.112015) can1 02041808#00A3
(1787069896.362860) can1 02041808#00AC
(1787069896.667462) can1 04001808#0000000187
(1787069896.667981) can1 04081808#040018088701
(1787069896.680201) can1 02201808#0000000000000101
(1787069896.800179) can1 04001808#0000000107
(1787069896.863998) can1 02041808#009D
(1787069896.953637) can1 00001808#080F018076
(1787069897.115273) can1 02041808#0096
(1787069897.366080) can1 02041808#008E
(1787069897.616993) can1 02041808#0089
(1787069897.950382) can1 00001808#080F018076
(1787069898.947281) can1 00001808#080F018076
(1787069899.865532) can1 02041808#0090
(1787069899.943617) can1 00001808#080F018076
(1787069900.366416) can1 02041808#0096
(1787069900.492504) can1 04001808#0000000187
(1787069900.500814) can1 02201808#0000000000000000
(1787069900.616776) can1 02041808#00A4
(1787069900.644967) can1 04001808#0000000107
(1787069900.941012) can1 00001808#080F018076
(1787069901.118029) can1 02041808#00AD
(1787069901.867919) can1 02041808#00B7
(1787069901.938285) can1 00001808#080F018076
(1787069902.119130) can1 02041808#00B2
(1787069902.369984) can1 02041808#00BB
(1787069902.620826) can1 02041808#00AE
(1787069902.935053) can1 00001808#080F018076
(1787069903.256140) can1 04001808#0000000186
(1787069903.256660) can1 04081808#040018088601
(1787069903.263105) can1 02181808#0000000000000101
(1787069903.371421) can1 02041808#00A5
(1787069903.411164) can1 04001808#0000000106
(1787069903.872344) can1 02041808#009D
(1787069903.931198) can1 00001808#080F018076
(1787069904.123579) can1 02041808#0093
(1787069904.927203) can1 00001808#080F018076
(1787069905.372913) can1 02041808#009D
(1787069905.924962) can1 00001808#080F018076
(1787069906.103935) can1 04001808#0000000186
(1787069906.112337) can1 02181808#0000000000000000
(1787069906.123050) can1 02041808#00A9
(1787069906.267790) can1 04001808#0000000106
(1787069906.872892) can1 02041808#00B1
(1787069906.922156) can1 00001808#080F018076
(1787069907.872806) can1 02041808#00A5
(1787069907.920126) can1 00001808#080F018076
(1787069908.323719) can1 04001808#0000000185
(1787069908.324258) can1 04081808#040018088501
(1787069908.334543) can1 02161808#0000000000000101
(1787069908.374023) can1 02041808#009C
(1787069908.488321) can1 04001808#0000000105
(1787069908.916897) can1 00001808#080F018076
(1787069909.124555) can1 02041808#0092
(1787069909.874307) can1 02041808#008C
(1787069909.914027) can1 00001808#080F018076
(1787069910.910651) can1 00001808#080F018076
(1787069911.149166) can1 04001808#0000000185
(1787069911.155603) can1 02161808#0000000000000000
(1787069911.310035) can1 04001808#0000000105
(1787069911.373830) can1 02041808#0095
(1787069911.624662) can1 02041808#009C
(1787069911.908181) can1 00001808#080F018076
(1787069912.125367) can1 02041808#00AB
(1787069912.376092) can1 02041808#00A3
(1787069912.905300) can1 00001808#080F018076
(1787069913.186020) can1 04001808#0000000184
(1787069913.186615) can1 04081808#040018088401
(1787069913.187160) can1 04001808#0000000183
(1787069913.187687) can1 04081808#040018088301
(1787069913.190248) can1 021A1808#0000010100000000
(1787069913.191716) can1 04020000#FFFF222222222222
(1787069913.299438) can1 02181808#0000010100000000
(1787069913.342764) can1 04001808#0000000103
(1787069913.345190) can1 04001808#0000000104
(1787069913.625363) can1 02041808#009B
(1787069913.875680) can1 02041808#0092
(1787069913.901878) can1 00001808#080F018076
(1787069914.898866) can1 00001808#080F018076
(1787069915.372587) can1 02041808#008C
(1787069915.872078) can1 02041808#0086
(1787069915.896368) can1 00001808#080F018076
(1787069916.872327) can1 04001808#0000000184
(1787069916.880709) can1 021A1808#0000000000000000
(1787069916.893477) can1 00001808#080F018076
(1787069917.041147) can1 04001808#0000000104
(1787069917.120168) can1 02041808#008D
(1787069917.619705) can1 02041808#0094
(1787069917.891213) can1 00001808#080F018076
(1787069918.867174) can1 02041808#008D
(1787069918.889533) can1 00001808#080F018076
(1787069919.118044) can1 02041808#0088
(1787069919.886059) can1 00001808#080F018076
(1787069920.614785) can1 02041808#008E
(1787069920.882444) can1 00001808#080F018076
(1787069921.879638) can1 00001808#080F018076
(1787069922.361163) can1 02041808#0088
(1787069922.876038) can1 00001808#080F018076
(1787069923.608684) can1 02041808#008E
(1787069923.874459) can1 00001808#080F018076
(1787069924.108597) can1 02041808#0094
(1787069924.872623) can1 00001808#080F018076
(1787069925.106795) can1 02041808#008D
(1787069925.606365) can1 02041808#0087
(1787069925.870271) can1 00001808#080F018076
(1787069926.853930) can1 02041808#008E
(1787069926.866660) can1 00001808#080F018076
(1787069927.353932) can1 02041808#0093
(1787069927.863119) can1 00001808#080F018076
(1787069928.601392) can1 02041808#008B
(1787069928.861382) can1 00001808#080F018076
(1787069929.101292) can1 02041808#0086
(1787069929.551154) can1 04001808#0000000183
(1787069929.551812) can1 04020000#FFFF111111111111
(1787069929.560027) can1 02181808#0000000000000000
(1787069929.601354) can1 02041808#0091
(1787069929.707923) can1 04001808#0000000103
(1787069929.858170) can1 00001808#080F018076
(1787069930.102378) can1 02041808#009A
(1787069930.353180) can1 02041808#00A2
(1787069930.855479) can1 00001808#080F018076
(1787069931.602586) can1 02041808#00AB
(1787069931.851512) can1 00001808#080F018076
(1787069931.853853) can1 02041808#00A5
(1787069931.999099) can1 04001808#0000000183
(1787069931.999634) can1 04081808#040018088301
(1787069932.000287) can1 04020000#FFFF222222222222
(1787069932.006539) can1 02181808#0000010100000000
(1787069932.162684) can1 04001808#0000000103
(1787069932.352835) can1 02041808#009F
(1787069932.603202) can1 02041808#0094
(1787069932.847884) can1 00001808#080F018076
(1787069933.845077) can1 00001808#080F018076
(1787069934.100416) can1 02041808#008E
(1787069934.599946) can1 02041808#0088
(1787069934.842692) can1 00001808#080F018076
(1787069935.839740) can1 00001808#080F018076
(1787069935.847736) can1 02041808#008D
(1787069936.347291) can1 02041808#0094
(1787069936.837370) can1 00001808#080F018076
(1787069936.901168) can1 04001808#0000000183
(1787069936.901836) can1 04020000#FFFF111111111111
(1787069936.913874) can1 02181808#0000000000000000
(1787069937.014629) can1 04001808#0000000103
(1787069937.097597) can1 02041808#009A
(1787069937.348408) can1 02041808#00A3
(1787069937.833445) can1 00001808#080F018076
(1787069937.849268) can1 02041808#00AC
(1787069938.599053) can1 02041808#00B4
(1787069938.830645) can1 00001808#080F018076
(1787069938.850219) can1 02041808#00AC
(1787069939.164414) can1 04001808#0000000182
(1787069939.164952) can1 04081808#040018088201
(1787069939.173209) can1 02161808#0000010100000000
(1787069939.289334) can1 04001808#0000000102
(1787069939.351193) can1 02041808#00A5
(1787069939.828425) can1 00001808#080F018076
(1787069940.101337) can1 02041808#0099
(1787069940.826170) can1 00001808#080F018076
(1787069940.851517) can1 02041808#0094
(1787069941.601246) can1 02041808#008F
(1787069941.823333) can1 00001808#080F018076
(1787069942.102037) can1 02041808#008A
(1787069942.821079) can1 00001808#080F018076
(1787069943.602728) can1 04001808#0000000182
(1787069943.611090) can1 02161808#0000000000000000
(1787069943.753972) can1 04001808#0000000102
(1787069943.817833) can1 00001808#080F018076
(1787069943.850904) can1 02041808#0096
(1787069944.351211) can1 02041808#00A2
(1787069944.601982) can1 02041808#00AE
(1787069944.814409) can1 00001808#080F018076
(1787069944.853151) can1 02041808#00A6
(1787069945.103901) can1 02041808#00AB
(1787069945.354732) can1 02041808#00A4
(1787069945.605470) can1 02041808#009F
(1787069945.812167) can1 00001808#080F018076
(1787069946.605408) can1 02041808#009A
(1787069946.808328) can1 00001808#080F018076
(1787069946.856692) can1 02041808#00A1
