(1787069990.681976) can1 00001808#080F018076
(1787069991.062286) can1 02041808#0086
(1787069991.679325) can1 00001808#080F018076
(1787069992.677380) can1 00001808#080F018076
(1787069992.810137) can1 02041808#008D
(1787069993.674606) can1 00001808#080F018076
(1787069994.308070) can1 02041808#0088
(1787069994.671948) can1 00001808#080F018076
(1787069995.669928) can1 00001808#080F018076
(1787069996.554687) can1 02041808#008E
(1787069996.667266) can1 00001808#080F018076
(1787069997.663385) can1 00001808#080F018076
(1787069998.053185) can1 02041808#0087
(1787069998.660610) can1 00001808#080F018076
(1787069999.656740) can1 00001808#080F018076
(1787070000.050413) can1 02041808#008E
(1787070000.162932) can1 02141808#01
(1787070000.654338) can1 00001808#080F018076
(1787070001.548769) can1 02041808#0088
(1787070001.651669) can1 00001808#080F018076
(1787070002.049215) can1 02041808#0083
(1787070002.649160) can1 00001808#080F018076
(1787070003.547766) can1 02041808#0089
(1787070003.646898) can1 00001808#080F018076
(1787070003.699079) can1 02141808#00
(1787070004.547147) can1 02041808#008E
(1787070004.644419) can1 00001808#080F018076
(1787070005.642366) can1 00001808#080F018076
(1787070006.045565) can1 02041808#0089
(1787070006.639576) can1 00001808#080F018076
(1787070007.637510) can1 00001808#080F018076
(1787070008.042663) can1 02041808#008E
(1787070008.634778) can1 00001808#080F018076
(1787070009.540532) can1 02041808#0089
(1787070009.631920) can1 00001808#080F018076
(1787070010.629872) can1 00001808#080F018076
(1787070011.625994) can1 00001808#080F018076
(1787070012.036898) can1 02041808#008F
(1787070012.623222) can1 00001808#080F018076
(1787070013.036045) can1 02041808#0089
